// Jest Snapshot v1, https://goo.gl/fbAQLP

exports[`transforms cssup tagged template literals 1`] = `
"import cssup from 'cssup';

const regularVariable = 'test';

const staticTest = 'test--b37f78';

const testIgnoreTemplateExpression = cssip\`this template string should remain untouched\`;

const dynamicTest = ({ color, outline, size }) => cssup('btn--1cbe6d', {
  outline: outline,
  'test-string-key': size && color,
  [\`test-template-key-\${size}\`]: size && !col
});"
`;
