// Jest Snapshot v1, https://goo.gl/fbAQLP

exports[`transforms cssup tagged template literals 1`] = `
"const cssup = () => {};

const regularVariable = 'test';

const testStyles = 'static-class';

const skipTemplateString = trick\`don't interact\`;

const btnStyles = ({ color, outline, size }) => ({
  outline: outline,
  'test-string-key': size && color,
  [\`test-template-key-\${size}\`]: size && !col
});

export default btnStyles;"
`;
